OK   [H03] OrderedSequenceBuilder @390 [proxy-reset]: el servidor realmente falló al servir el módulo (peticiones rechazadas=3)
OK   [H03] OrderedSequenceBuilder @390 [proxy-reset]: el fallo no deja la aplicación en blanco
OK   [H03] OrderedSequenceBuilder @390 [proxy-reset]: aparece un mensaje de recuperación visible
OK   [H03] OrderedSequenceBuilder @390 [proxy-reset]: la navegación sigue utilizable
OK   [H03] OrderedSequenceBuilder @390 [proxy-reset]: los datos guardados no cambian
OK   [H03] OrderedSequenceBuilder @390 [proxy-reset]: al volver el servidor, la salida ofrecida («Recargar») recupera la sección en la MISMA sesión (sirvió 94 peticiones tras el fallo)
OK   [H03] OrderedSequenceBuilder @390 [proxy-reset]: el interés guardado sobrevive a la recarga
OK   [H03] OrderedSequenceBuilder @1440 [proxy-reset]: el servidor realmente falló al servir el módulo (peticiones rechazadas=3)
OK   [H03] OrderedSequenceBuilder @1440 [proxy-reset]: el fallo no deja la aplicación en blanco
OK   [H03] OrderedSequenceBuilder @1440 [proxy-reset]: aparece un mensaje de recuperación visible
OK   [H03] OrderedSequenceBuilder @1440 [proxy-reset]: la navegación sigue utilizable
OK   [H03] OrderedSequenceBuilder @1440 [proxy-reset]: los datos guardados no cambian
OK   [H03] OrderedSequenceBuilder @1440 [proxy-reset]: al volver el servidor, la salida ofrecida («Recargar») recupera la sección en la MISMA sesión (sirvió 114 peticiones tras el fallo)
OK   [H03] OrderedSequenceBuilder @1440 [proxy-reset]: el interés guardado sobrevive a la recarga
OK   [H03] ZoneComparison @390 [proxy-reset]: el servidor realmente falló al servir el módulo (peticiones rechazadas=3)
OK   [H03] ZoneComparison @390 [proxy-reset]: el fallo no deja la aplicación en blanco
OK   [H03] ZoneComparison @390 [proxy-reset]: aparece un mensaje de recuperación visible
OK   [H03] ZoneComparison @390 [proxy-reset]: la navegación sigue utilizable
OK   [H03] ZoneComparison @390 [proxy-reset]: los datos guardados no cambian
OK   [H03] ZoneComparison @390 [proxy-reset]: al volver el servidor, la salida ofrecida («Recargar») recupera la sección en la MISMA sesión (sirvió 97 peticiones tras el fallo)
OK   [H03] ZoneComparison @390 [proxy-reset]: el interés guardado sobrevive a la recarga
OK   [H03] ZoneComparison @1440 [proxy-reset]: el servidor realmente falló al servir el módulo (peticiones rechazadas=3)
OK   [H03] ZoneComparison @1440 [proxy-reset]: el fallo no deja la aplicación en blanco
OK   [H03] ZoneComparison @1440 [proxy-reset]: aparece un mensaje de recuperación visible
OK   [H03] ZoneComparison @1440 [proxy-reset]: la navegación sigue utilizable
OK   [H03] ZoneComparison @1440 [proxy-reset]: los datos guardados no cambian
OK   [H03] ZoneComparison @1440 [proxy-reset]: al volver el servidor, la salida ofrecida («Recargar») recupera la sección en la MISMA sesión (sirvió 117 peticiones tras el fallo)
OK   [H03] ZoneComparison @1440 [proxy-reset]: el interés guardado sobrevive a la recarga
OK   [H03] OrderedSequenceBuilder @390 [proxy-503]: el servidor realmente falló al servir el módulo (peticiones rechazadas=1)
OK   [H03] OrderedSequenceBuilder @390 [proxy-503]: el fallo no deja la aplicación en blanco
OK   [H03] OrderedSequenceBuilder @390 [proxy-503]: aparece un mensaje de recuperación visible
OK   [H03] OrderedSequenceBuilder @390 [proxy-503]: la navegación sigue utilizable
OK   [H03] OrderedSequenceBuilder @390 [proxy-503]: los datos guardados no cambian
OK   [H03] OrderedSequenceBuilder @390 [proxy-503]: al volver el servidor, la salida ofrecida («Recargar») recupera la sección en la MISMA sesión (sirvió 94 peticiones tras el fallo)
OK   [H03] OrderedSequenceBuilder @390 [proxy-503]: el interés guardado sobrevive a la recarga
OK   [H03] OrderedSequenceBuilder @390 [inspector]: el fallo no deja la aplicación en blanco
OK   [H03] OrderedSequenceBuilder @390 [inspector]: aparece un mensaje de recuperación visible
OK   [H03] OrderedSequenceBuilder @390 [inspector]: la navegación sigue utilizable
OK   [H03] OrderedSequenceBuilder @390 [inspector]: los datos guardados no cambian
OK   [H03] OrderedSequenceBuilder @390 [inspector]: al volver el servidor, la salida ofrecida («Recargar») recupera la sección en la MISMA sesión
OK   [H03] OrderedSequenceBuilder @390 [inspector]: el interés guardado sobrevive a la recarga
OK   [H03] OrderedSequenceBuilder @1440 [inspector]: el fallo no deja la aplicación en blanco
OK   [H03] OrderedSequenceBuilder @1440 [inspector]: aparece un mensaje de recuperación visible
OK   [H03] OrderedSequenceBuilder @1440 [inspector]: la navegación sigue utilizable
OK   [H03] OrderedSequenceBuilder @1440 [inspector]: los datos guardados no cambian
OK   [H03] OrderedSequenceBuilder @1440 [inspector]: al volver el servidor, la salida ofrecida («Recargar») recupera la sección en la MISMA sesión
OK   [H03] OrderedSequenceBuilder @1440 [inspector]: el interés guardado sobrevive a la recarga
OK   [H03] ZoneComparison @390 [inspector]: el fallo no deja la aplicación en blanco
OK   [H03] ZoneComparison @390 [inspector]: aparece un mensaje de recuperación visible
OK   [H03] ZoneComparison @390 [inspector]: la navegación sigue utilizable
OK   [H03] ZoneComparison @390 [inspector]: los datos guardados no cambian
OK   [H03] ZoneComparison @390 [inspector]: al volver el servidor, la salida ofrecida («Recargar») recupera la sección en la MISMA sesión
OK   [H03] ZoneComparison @390 [inspector]: el interés guardado sobrevive a la recarga
OK   [H03] ZoneComparison @1440 [inspector]: el fallo no deja la aplicación en blanco
OK   [H03] ZoneComparison @1440 [inspector]: aparece un mensaje de recuperación visible
OK   [H03] ZoneComparison @1440 [inspector]: la navegación sigue utilizable
OK   [H03] ZoneComparison @1440 [inspector]: los datos guardados no cambian
OK   [H03] ZoneComparison @1440 [inspector]: al volver el servidor, la salida ofrecida («Recargar») recupera la sección en la MISMA sesión
OK   [H03] ZoneComparison @1440 [inspector]: el interés guardado sobrevive a la recarga

59/59 comprobaciones OK (chromium)
