
> app@1.1.0 build
> tsc -b && vite build

vite v8.2.2 building client environment for production...
transforming...
✓ 241 modules transformed.
rendering chunks...
computing gzip size...
dist/index.html                                      0.48 kB │ gzip:   0.32 kB
dist/assets/ZoneComparison-BKYgQRqM.css             10.94 kB │ gzip:   2.46 kB
dist/assets/OrderedSequenceBuilder-BojtyCwW.css     32.06 kB │ gzip:   5.35 kB
dist/assets/index-BSHMeR0D.css                     110.22 kB │ gzip:  21.57 kB
dist/assets/usePlanningDraft-REtQD_Gt.js             6.88 kB │ gzip:   2.47 kB
dist/assets/ZoneComparison-C1sNrNF7.js              20.06 kB │ gzip:   6.09 kB
dist/assets/OrderedSequenceBuilder-BwarUBEG.js     133.88 kB │ gzip:  34.93 kB
dist/assets/index-CDOJCj3F.js                    1,493.74 kB │ gzip: 289.66 kB

✓ built in 660ms
[plugin builtin:vite-reporter] 
(!) Some chunks are larger than 500 kB after minification. Consider:
- Using dynamic import() to code-split the application
- Use build.rolldownOptions.output.codeSplitting to improve chunking: https://rolldown.rs/reference/OutputOptions.codeSplitting
- Adjust chunk size limit for this warning via build.chunkSizeWarningLimit.
