  ✓ 320×568 · Herramientas: ningún elemento visible fuera del cuerpo
  ✓ 320×568 · Herramientas: ningún texto de lectura recortado
  ✓ 320×568 · Herramientas: el anillo de foco de los 6 controles cabe en el cuerpo
  ✓ 320×568 · Herramientas: todos los controles muestran indicador de foco
  ✓ 320×568 · Detalles: ningún elemento visible fuera del cuerpo
  ✓ 320×568 · Detalles: ningún texto de lectura recortado
  ✓ 320×568 · Detalles: el anillo de foco de los 2 controles cabe en el cuerpo
  ✓ 320×568 · Detalles: todos los controles muestran indicador de foco
  ✓ 320×568 · Orden: ningún elemento visible fuera del cuerpo
  ✓ 320×568 · Orden: ningún texto de lectura recortado
  ✓ 320×568 · Orden: el anillo de foco de los 4 controles cabe en el cuerpo
  ✓ 320×568 · Orden: todos los controles muestran indicador de foco
  ✓ 320×568: sin errores de consola
  ✓ 360×740 · Herramientas: ningún elemento visible fuera del cuerpo
  ✓ 360×740 · Herramientas: ningún texto de lectura recortado
  ✓ 360×740 · Herramientas: el anillo de foco de los 6 controles cabe en el cuerpo
  ✓ 360×740 · Herramientas: todos los controles muestran indicador de foco
  ✓ 360×740 · Detalles: ningún elemento visible fuera del cuerpo
  ✓ 360×740 · Detalles: ningún texto de lectura recortado
  ✓ 360×740 · Detalles: el anillo de foco de los 2 controles cabe en el cuerpo
  ✓ 360×740 · Detalles: todos los controles muestran indicador de foco
  ✓ 360×740 · Orden: ningún elemento visible fuera del cuerpo
  ✓ 360×740 · Orden: ningún texto de lectura recortado
  ✓ 360×740 · Orden: el anillo de foco de los 4 controles cabe en el cuerpo
  ✓ 360×740 · Orden: todos los controles muestran indicador de foco
  ✓ 360×740: sin errores de consola
  ✓ 375×667 · Herramientas: ningún elemento visible fuera del cuerpo
  ✓ 375×667 · Herramientas: ningún texto de lectura recortado
  ✓ 375×667 · Herramientas: el anillo de foco de los 6 controles cabe en el cuerpo
  ✓ 375×667 · Herramientas: todos los controles muestran indicador de foco
  ✓ 375×667 · Detalles: ningún elemento visible fuera del cuerpo
  ✓ 375×667 · Detalles: ningún texto de lectura recortado
  ✓ 375×667 · Detalles: el anillo de foco de los 2 controles cabe en el cuerpo
  ✓ 375×667 · Detalles: todos los controles muestran indicador de foco
  ✓ 375×667 · Orden: ningún elemento visible fuera del cuerpo
  ✓ 375×667 · Orden: ningún texto de lectura recortado
  ✓ 375×667 · Orden: el anillo de foco de los 4 controles cabe en el cuerpo
  ✓ 375×667 · Orden: todos los controles muestran indicador de foco
  ✓ 375×667: sin errores de consola
  ✓ 390×844 · Herramientas: ningún elemento visible fuera del cuerpo
  ✓ 390×844 · Herramientas: ningún texto de lectura recortado
  ✓ 390×844 · Herramientas: el anillo de foco de los 6 controles cabe en el cuerpo
  ✓ 390×844 · Herramientas: todos los controles muestran indicador de foco
  ✓ 390×844 · Detalles: ningún elemento visible fuera del cuerpo
  ✓ 390×844 · Detalles: ningún texto de lectura recortado
  ✓ 390×844 · Detalles: el anillo de foco de los 2 controles cabe en el cuerpo
  ✓ 390×844 · Detalles: todos los controles muestran indicador de foco
  ✓ 390×844 · Orden: ningún elemento visible fuera del cuerpo
  ✓ 390×844 · Orden: ningún texto de lectura recortado
  ✓ 390×844 · Orden: el anillo de foco de los 4 controles cabe en el cuerpo
  ✓ 390×844 · Orden: todos los controles muestran indicador de foco
  ✓ 390×844: sin errores de consola
  ✓ 430×932 · Herramientas: ningún elemento visible fuera del cuerpo
  ✓ 430×932 · Herramientas: ningún texto de lectura recortado
  ✓ 430×932 · Herramientas: el anillo de foco de los 6 controles cabe en el cuerpo
  ✓ 430×932 · Herramientas: todos los controles muestran indicador de foco
  ✓ 430×932 · Detalles: ningún elemento visible fuera del cuerpo
  ✓ 430×932 · Detalles: ningún texto de lectura recortado
  ✓ 430×932 · Detalles: el anillo de foco de los 2 controles cabe en el cuerpo
  ✓ 430×932 · Detalles: todos los controles muestran indicador de foco
  ✓ 430×932 · Orden: ningún elemento visible fuera del cuerpo
  ✓ 430×932 · Orden: ningún texto de lectura recortado
  ✓ 430×932 · Orden: el anillo de foco de los 4 controles cabe en el cuerpo
  ✓ 430×932 · Orden: todos los controles muestran indicador de foco
  ✓ 430×932: sin errores de consola
  ✓ 820×1180 · Herramientas: ningún elemento visible fuera del cuerpo
  ✓ 820×1180 · Herramientas: ningún texto de lectura recortado
  ✓ 820×1180 · Herramientas: el anillo de foco de los 6 controles cabe en el cuerpo
  ✓ 820×1180 · Herramientas: todos los controles muestran indicador de foco
  ✓ 820×1180 · Detalles: ningún elemento visible fuera del cuerpo
  ✓ 820×1180 · Detalles: ningún texto de lectura recortado
  ✓ 820×1180 · Detalles: el anillo de foco de los 2 controles cabe en el cuerpo
  ✓ 820×1180 · Detalles: todos los controles muestran indicador de foco
  ✓ 820×1180 · Orden: ningún elemento visible fuera del cuerpo
  ✓ 820×1180 · Orden: ningún texto de lectura recortado
  ✓ 820×1180 · Orden: el anillo de foco de los 4 controles cabe en el cuerpo
  ✓ 820×1180 · Orden: todos los controles muestran indicador de foco
  ✓ 820×1180: sin errores de consola
  ✓ 1280×800 · Herramientas: ningún elemento visible fuera del cuerpo
  ✓ 1280×800 · Herramientas: ningún texto de lectura recortado
  ✓ 1280×800 · Herramientas: el anillo de foco de los 6 controles cabe en el cuerpo
  ✓ 1280×800 · Herramientas: todos los controles muestran indicador de foco
  ✓ 1280×800 · Detalles: ningún elemento visible fuera del cuerpo
  ✓ 1280×800 · Detalles: ningún texto de lectura recortado
  ✓ 1280×800 · Detalles: el anillo de foco de los 2 controles cabe en el cuerpo
  ✓ 1280×800 · Detalles: todos los controles muestran indicador de foco
  ✓ 1280×800 · Orden: ningún elemento visible fuera del cuerpo
  ✓ 1280×800 · Orden: ningún texto de lectura recortado
  ✓ 1280×800 · Orden: el anillo de foco de los 4 controles cabe en el cuerpo
  ✓ 1280×800 · Orden: todos los controles muestran indicador de foco
  ✓ 1280×800: sin errores de consola
  ✓ 1440×900 · Herramientas: ningún elemento visible fuera del cuerpo
  ✓ 1440×900 · Herramientas: ningún texto de lectura recortado
  ✓ 1440×900 · Herramientas: el anillo de foco de los 6 controles cabe en el cuerpo
  ✓ 1440×900 · Herramientas: todos los controles muestran indicador de foco
  ✓ 1440×900 · Detalles: ningún elemento visible fuera del cuerpo
  ✓ 1440×900 · Detalles: ningún texto de lectura recortado
  ✓ 1440×900 · Detalles: el anillo de foco de los 2 controles cabe en el cuerpo
  ✓ 1440×900 · Detalles: todos los controles muestran indicador de foco
  ✓ 1440×900 · Orden: ningún elemento visible fuera del cuerpo
  ✓ 1440×900 · Orden: ningún texto de lectura recortado
  ✓ 1440×900 · Orden: el anillo de foco de los 4 controles cabe en el cuerpo
  ✓ 1440×900 · Orden: todos los controles muestran indicador de foco
  ✓ 1440×900: sin errores de consola

════════════════════════════════════════════════════════════
P-06 v2 recorte: 104 passed, 0 failed

