Phase 5A RC browser audit — desktop 1440x900
  A01 national explorer renders                           : pass (24 regions)
  A02 national summary counts match catalogue             : pass (214 places surfaced)
  A03 region -> prefecture -> hub navigation              : pass (12 Tokio places)
  A04 free-text search filters the list                   : pass (12 -> 8 -> 12)
  A05 interest filter offers every level present in the hub: pass (Tokio:1/4 Osaka:1/5 Kioto:1/5)
  A06 place detail shows photograph and attribution       : pass (local asset + credit + alt)
  A07 no-photo place shows the documented fallback        : pass (fallback rendered)
  A08 save places across two hubs                         : pass (JP-001,JP-002,JP-003,JP-060,JP-065)
  A09 saved selection lists every saved place             : pass (5 rows)
  A10 build ordered sequence and assign days              : pass (2 day(s), 5 places)
  A11 anchor Day 1 to a civil date                        : pass (2027-02-20)
  A12 calendar weekday composes correctly from Day 1      : pass (sáb, 20 feb 2027 -> dom, 21 feb 2027 -> sáb, 20 feb 2027)
  A13 set a supported manual visit start time             : pass (visit-start-time-1-JP-065)
  A13b add a manual inter-hub segment across the hub boundary: pass (Meiji Jingu → Ginkaku-ji · Tokio → Kioto · Shinkansen · 140 min)
  A14 whole-trip composition renders and reconciles       : pass (composition present)
  A15 reload reproduces persisted state                   : pass (5 saved, anchor 2027-02-20, 1 segment(s))
  B01 reorder a place within its day                      : pass (order changed)
  B02 reorder preserves membership exactly                : pass (5 places, no duplicates)
  B03 stable day identity survives add-day and cross-day move: pass (3 stable day ids, Día 2 holds 1)
  B04 no orphaned visit time after moving a place         : pass (no orphans)
  B05 removing a place leaves no stale dependent state    : pass (Nanzen-ji moved to Sin asignar; route days retained, no stale refs)
  B06 edits survive reload                                : pass (route 4, days 3)
  C01 reservation mechanism surfaces for a catalogue entry: pass (reservation surface present)
  C02 route-wide reservation calendar renders without duplicates: pass (calendar not applicable to this plan)
  C03 reservation dates derive from the anchored trip date: pass (derived from 2027 anchor)
  C04 purchase/residence context is not invented          : pass (no personal applicability claims)
  C05 hours and closure signals do not overclaim open/closed status: pass (no unhedged open/closed claim; weekday notice: not rendered)
  C06 visit-start fit is offered only beside a recorded interval: pass (no eligible place in this plan)
  D01 validated-static walking transfer is labelled as such: pass (validated-static labelled)
  D02 estimates are never promoted to validated           : pass (3 validated, 0 estimate mentions, 0 conflated)
  E01 historical photograph renders from a local asset    : pass (/images/places/JP-013/golden-gai.webp)
  E02 Phase 4L photograph renders from a local asset      : pass (/images/places/JP-051/mount-takao.webp)
  E03 carried fail-closed target keeps its fallback       : pass (fallback intact)
  E04 zero runtime photography-provider requests          : pass (180 external requests, 0 photographic)
  F01 every image is either labelled or deliberately decorative: pass (19 images, all labelled or deliberately decorative)
  F02 interactive controls use native semantics           : pass (native buttons/links only)
  F03 form controls are labelled                          : pass (all controls labelled)
  F04 keyboard reaches primary controls with visible focus: pass (BUTTON, outline solid 2px)
  F05 no keyboard trap in the planner dialog              : pass (19 distinct stops, 41 revisits, focus left the planner (now on BODY.))
  G01 no horizontal overflow on primary screens           : pass (national:0 hub:0 hub+drawer:0 detail:0 planner:0)
  G01b list and map alternate without losing the list     : pass (permanent map rail, 12 places always visible)
  G02 primary touch targets are usable                    : pass (all >= 32px)
  G03 planner remains operable at this viewport           : pass (anchor 388x44)
  H01 no transit provider activated                       : pass (dormant)
  H02 no secret-bearing or localhost-service request      : pass (none)
  H03 external runtime requests are only the documented map tiles: pass (b.tile.openstreetmap.org,a.tile.openstreetmap.org,c.tile.openstreetmap.org)
  H04 core UI survives failed external tiles              : pass (12 places rendered)
  H05 no console errors and no page errors                : pass (0 page errors, 0 network-stub console notices ignored)
  I01 clean first run starts empty                        : pass (empty and renders)
  I02 malformed persisted payloads fail safe              : pass (4 malformed payloads survived)

50/50 checks passed · 255 external requests recorded
