# navegador: webkit 26.5 · reduced-motion=false
OK   [V-320-Días] 320px · Viaje › Días: sin términos prohibidos (texto + nombres accesibles)
OK   [V-320-Dónde dormir] 320px · Viaje › Dónde dormir: sin términos prohibidos (texto + nombres accesibles)
OK   [V-320-Reservas] 320px · Viaje › Reservas: sin términos prohibidos (texto + nombres accesibles)
OK   [V-320-Resumen] 320px · Viaje › Resumen: sin términos prohibidos (texto + nombres accesibles)
OK   [V-390-Días] 390px · Viaje › Días: sin términos prohibidos (texto + nombres accesibles)
OK   [V-move] hoja de acciones de una parada («Mover al Día N» y «Mover a Sin asignar»)
OK   [V-dates] hoja «Fechas del viaje»
OK   [V-add] hoja «Añadir lugar»
OK   [V-day] hoja «Acciones del Día N»
OK   [V-details] vista «Detalles del Día N»
OK   [V-tools] vista «Herramientas del viaje»
OK   [V-order] vista «Cambiar orden» (orden actual / otra propuesta)
OK   [V-390-Dónde dormir] 390px · Viaje › Dónde dormir: sin términos prohibidos (texto + nombres accesibles)
OK   [V-390-Reservas] 390px · Viaje › Reservas: sin términos prohibidos (texto + nombres accesibles)
OK   [V-390-Resumen] 390px · Viaje › Resumen: sin términos prohibidos (texto + nombres accesibles)
OK   [V-840-Días] 840px · Viaje › Días: sin términos prohibidos (texto + nombres accesibles)
OK   [V-840-Dónde dormir] 840px · Viaje › Dónde dormir: sin términos prohibidos (texto + nombres accesibles)
OK   [V-840-Reservas] 840px · Viaje › Reservas: sin términos prohibidos (texto + nombres accesibles)
OK   [V-840-Resumen] 840px · Viaje › Resumen: sin términos prohibidos (texto + nombres accesibles)
OK   [V-1200-Días] 1200px · Viaje › Días: sin términos prohibidos (texto + nombres accesibles)
OK   [V-1200-Dónde dormir] 1200px · Viaje › Dónde dormir: sin términos prohibidos (texto + nombres accesibles)
OK   [V-1200-Reservas] 1200px · Viaje › Reservas: sin términos prohibidos (texto + nombres accesibles)
OK   [V-1200-Resumen] 1200px · Viaje › Resumen: sin términos prohibidos (texto + nombres accesibles)
OK   [T-01] «Traslados entre ciudades»: «Añadir traslado» visible y formulario sin términos prohibidos
OK   [X-01] Explorar (portada y ciudad)
OK   [X-02] PlaceDetail (con «Fuentes» abierto): sólo la excepción E1
OK   [X-03] Quiero ir
OK   [X-04] Nosotros (viajeros, copia del viaje, fuentes y licencias) + frase de viajeros D5
OK   [S-01] Explorar › búsqueda global (hoja)
OK   [S-02] Explorar › ciudad: filtros (hoja), lista y mapa
OK   [S-03] ficha › galería › créditos
OK   [S-04] onboarding (primera visita) y estados vacíos de Quiero ir y Viaje
OK   [K-01] «reparto» se conserva; los valores y relaciones del copy sustituido no cambian
OK   [DDR-01] los cinco DDR cerrados: copy nuevo presente en pantalla y copy antiguo ausente
OK   [C-01] sin errores de consola ni de página propios
# excepciones: {"E1":2} · contenido editorial de data/ (no se toca): 18
# superficies auditadas: 38 · cadenas leídas: 14180

D5 GATE: 35/35 OK
