
── phone 390×844 ──
  ✓ estado inicial: sin entrada propia
  ✓ dates: abrir empuja exactamente una entrada propia
  ✓ dates: «atrás» cierra la superficie
  ✓ dates: «atrás» no sale de Días (misma URL, pestaña Días, lista visible)
  ✓ dates: tras «atrás» no queda entrada propia activa
  ✓ dates: el foco vuelve al disparador tras «atrás»
  ✓ dates: «adelante» la reabre
  ✓ dates: segundo «atrás» vuelve a la lista
  ✓ stop: abrir empuja exactamente una entrada propia
  ✓ stop: «atrás» cierra la superficie
  ✓ stop: «atrás» no sale de Días (misma URL, pestaña Días, lista visible)
  ✓ stop: tras «atrás» no queda entrada propia activa
  ✓ stop: el foco vuelve al disparador tras «atrás»
  ✓ stop: «adelante» la reabre
  ✓ stop: segundo «atrás» vuelve a la lista
  ✓ add-place: abrir empuja exactamente una entrada propia
  ✓ add-place: «atrás» cierra la superficie
  ✓ add-place: «atrás» no sale de Días (misma URL, pestaña Días, lista visible)
  ✓ add-place: tras «atrás» no queda entrada propia activa
  ✓ add-place: el foco vuelve al disparador tras «atrás»
  ✓ add-place: «adelante» la reabre
  ✓ add-place: segundo «atrás» vuelve a la lista
  ✓ day: abrir empuja exactamente una entrada propia
  ✓ day: «atrás» cierra la superficie
  ✓ day: «atrás» no sale de Días (misma URL, pestaña Días, lista visible)
  ✓ day: tras «atrás» no queda entrada propia activa
  ✓ day: el foco vuelve al disparador tras «atrás»
  ✓ day: «adelante» la reabre
  ✓ day: segundo «atrás» vuelve a la lista
  ✓ unassigned: abrir empuja exactamente una entrada propia
  ✓ unassigned: «atrás» cierra la superficie
  ✓ unassigned: «atrás» no sale de Días (misma URL, pestaña Días, lista visible)
  ✓ unassigned: tras «atrás» no queda entrada propia activa
  ✓ unassigned: el foco vuelve al disparador tras «atrás»
  ✓ unassigned: «adelante» la reabre
  ✓ unassigned: segundo «atrás» vuelve a la lista
  ✓ day-details: abrir empuja exactamente una entrada propia
  ✓ day-details: «atrás» cierra la superficie
  ✓ day-details: «atrás» no sale de Días (misma URL, pestaña Días, lista visible)
  ✓ day-details: tras «atrás» no queda entrada propia activa
  ✓ day-details: el foco vuelve al disparador tras «atrás»
  ✓ day-details: «adelante» la reabre
  ✓ day-details: segundo «atrás» vuelve a la lista
  ✓ trip-tools: abrir empuja exactamente una entrada propia
  ✓ trip-tools: «atrás» cierra la superficie
  ✓ trip-tools: «atrás» no sale de Días (misma URL, pestaña Días, lista visible)
  ✓ trip-tools: tras «atrás» no queda entrada propia activa
  ✓ trip-tools: el foco vuelve al disparador tras «atrás»
  ✓ trip-tools: «adelante» la reabre
  ✓ trip-tools: segundo «atrás» vuelve a la lista
  ✓ order: abrir empuja exactamente una entrada propia
  ✓ order: «atrás» cierra la superficie
  ✓ order: «atrás» no sale de Días (misma URL, pestaña Días, lista visible)
  ✓ order: tras «atrás» no queda entrada propia activa
  ✓ order: el foco vuelve al disparador tras «atrás»
  ✓ order: «adelante» la reabre
  ✓ order: segundo «atrás» vuelve a la lista
  ✓ 6 aperturas/cierres por Escape no hacen crecer el historial
  ✓ tras ese bucle seguimos en Días
  ✓ «Volver a Días» cierra y deshace la entrada
  ✓ clic en el fondo cierra la Sheet y deshace la entrada
  ✓ abrir justo después de cerrar deja la Sheet abierta con una sola entrada
  ✓ y un «atrás» la cierra sin salir de Días
  ✓ terminar una acción cierra la Sheet y deshace la entrada
  ✓ «adelante» no reabre la Sheet de una parada que ya se movió
  ✓ Cambiar orden: «adelante» la reabre con su panel
  ✓ aplicar un orden cierra la vista y deshace la entrada
  ✓ «adelante» no reabre Cambiar orden con una línea base obsoleta
  ✓ recarga con una vista abierta: vuelve a la lista
  ✓ la ficha de un lugar sigue cerrándose con «atrás» (pila de App intacta)
  ✓ abrir una Sheet después de cerrar una ficha conserva el estado de la ficha (sin entradas colgando)
  ✓ y «atrás» vuelve a Días
  ✓ sin errores de consola ni de página

── desktop 1440×900 ──
  ✓ estado inicial: sin entrada propia
  ✓ dates: abrir empuja exactamente una entrada propia
  ✓ dates: «atrás» cierra la superficie
  ✓ dates: «atrás» no sale de Días (misma URL, pestaña Días, lista visible)
  ✓ dates: tras «atrás» no queda entrada propia activa
  ✓ dates: el foco vuelve al disparador tras «atrás»
  ✓ dates: «adelante» la reabre
  ✓ dates: segundo «atrás» vuelve a la lista
  ✓ stop: abrir empuja exactamente una entrada propia
  ✓ stop: «atrás» cierra la superficie
  ✓ stop: «atrás» no sale de Días (misma URL, pestaña Días, lista visible)
  ✓ stop: tras «atrás» no queda entrada propia activa
  ✓ stop: el foco vuelve al disparador tras «atrás»
  ✓ stop: «adelante» la reabre
  ✓ stop: segundo «atrás» vuelve a la lista
  ✓ add-place: abrir empuja exactamente una entrada propia
  ✓ add-place: «atrás» cierra la superficie
  ✓ add-place: «atrás» no sale de Días (misma URL, pestaña Días, lista visible)
  ✓ add-place: tras «atrás» no queda entrada propia activa
  ✓ add-place: el foco vuelve al disparador tras «atrás»
  ✓ add-place: «adelante» la reabre
  ✓ add-place: segundo «atrás» vuelve a la lista
  ✓ day: abrir empuja exactamente una entrada propia
  ✓ day: «atrás» cierra la superficie
  ✓ day: «atrás» no sale de Días (misma URL, pestaña Días, lista visible)
  ✓ day: tras «atrás» no queda entrada propia activa
  ✓ day: el foco vuelve al disparador tras «atrás»
  ✓ day: «adelante» la reabre
  ✓ day: segundo «atrás» vuelve a la lista
  ✓ unassigned: abrir empuja exactamente una entrada propia
  ✓ unassigned: «atrás» cierra la superficie
  ✓ unassigned: «atrás» no sale de Días (misma URL, pestaña Días, lista visible)
  ✓ unassigned: tras «atrás» no queda entrada propia activa
  ✓ unassigned: el foco vuelve al disparador tras «atrás»
  ✓ unassigned: «adelante» la reabre
  ✓ unassigned: segundo «atrás» vuelve a la lista
  ✓ day-details: abrir empuja exactamente una entrada propia
  ✓ day-details: «atrás» cierra la superficie
  ✓ day-details: «atrás» no sale de Días (misma URL, pestaña Días, lista visible)
  ✓ day-details: tras «atrás» no queda entrada propia activa
  ✓ day-details: el foco vuelve al disparador tras «atrás»
  ✓ day-details: «adelante» la reabre
  ✓ day-details: segundo «atrás» vuelve a la lista
  ✓ trip-tools: abrir empuja exactamente una entrada propia
  ✓ trip-tools: «atrás» cierra la superficie
  ✓ trip-tools: «atrás» no sale de Días (misma URL, pestaña Días, lista visible)
  ✓ trip-tools: tras «atrás» no queda entrada propia activa
  ✓ trip-tools: el foco vuelve al disparador tras «atrás»
  ✓ trip-tools: «adelante» la reabre
  ✓ trip-tools: segundo «atrás» vuelve a la lista
  ✓ order: abrir empuja exactamente una entrada propia
  ✓ order: «atrás» cierra la superficie
  ✓ order: «atrás» no sale de Días (misma URL, pestaña Días, lista visible)
  ✓ order: tras «atrás» no queda entrada propia activa
  ✓ order: el foco vuelve al disparador tras «atrás»
  ✓ order: «adelante» la reabre
  ✓ order: segundo «atrás» vuelve a la lista
  ✓ 6 aperturas/cierres por Escape no hacen crecer el historial
  ✓ tras ese bucle seguimos en Días
  ✓ «Volver a Días» cierra y deshace la entrada
  ✓ clic en el fondo cierra la Sheet y deshace la entrada
  ✓ abrir justo después de cerrar deja la Sheet abierta con una sola entrada
  ✓ y un «atrás» la cierra sin salir de Días
  ✓ terminar una acción cierra la Sheet y deshace la entrada
  ✓ «adelante» no reabre la Sheet de una parada que ya se movió
  ✓ Cambiar orden: «adelante» la reabre con su panel
  ✓ aplicar un orden cierra la vista y deshace la entrada
  ✓ «adelante» no reabre Cambiar orden con una línea base obsoleta
  ✓ recarga con una vista abierta: vuelve a la lista
  ✓ la ficha de un lugar sigue cerrándose con «atrás» (pila de App intacta)
  ✓ abrir una Sheet después de cerrar una ficha conserva el estado de la ficha (sin entradas colgando)
  ✓ y «atrás» vuelve a Días
  ✓ sin errores de consola ni de página

════════════════════════════════════════════════════════════
P-06·C historial: 146 passed, 0 failed

