OK   [H01] tras importar y navegar, los viajeros restaurados siguen en el almacenamiento (Viajera del respaldo,Jun)
OK   [H01] los intereses restaurados (JP-203) se conservan y el nuevo (JP-021) se añade (JP-021,JP-203)
OK   [H01] el itinerario restaurado (JP-203, Hotel del respaldo) no se sobrescribe (["JP-203"])
OK   [H01] volver a Viaje tampoco devuelve el itinerario anterior (["JP-203"])
OK   [H01] tras recargar sigue todo lo restaurado más el interés añadido
OK   [H02] fixture: ambas pestañas parten de los mismos IDs de viajeros
OK   [H02] tras guardar un lugar en A y otro en B, el documento conserva ambos (JP-021,JP-044)
OK   [H02] A, recargada, muestra los dos lugares en Quiero ir
OK   [H02] itinerario: añadir un día en A y otro en B conserva ambos (3 días) (días=3)
OK   [H02] itinerario: la parada y el hotel del documento se conservan
OK   [H04] borrador-invalido: el documento original no se modifica tras montar y recargar (iguales)
OK   [H04] borrador-invalido: la interfaz informa del problema con una salida explícita
OK   [H04] viajeros-invalidos: el documento original no se modifica tras montar y recargar (iguales)
OK   [H04] viajeros-invalidos: la interfaz informa del problema con una salida explícita
OK   [H04] borrador-futuro: el documento original no se modifica tras montar y recargar (iguales)
OK   [H04] borrador-futuro: la interfaz informa del problema con una salida explícita
OK   [H04] borrador-no-json: el documento original no se modifica tras montar y recargar (iguales)
OK   [H04] borrador-no-json: la interfaz informa del problema con una salida explícita
OK   [H04] viajeros-futuros: el documento original no se modifica tras montar y recargar (iguales)
OK   [H04] viajeros-futuros: la interfaz informa del problema con una salida explícita
OK   [H04] viajeros inválidos: el itinerario válido sigue íntegro tras usar la app
OK   [H04] V1 válida: se migra y conserva la parada, sin aviso de protección (v8)
OK   [H04] «Descargar copia» entrega el contenido original sin modificar (nihon-datos-conservados-2026-10-07.json)
OK   [H04] tras «Empezar de nuevo» el original queda guardado en una copia aparte (claves=2)
OK   [H04] tras recuperar, el aviso desaparece y la app guarda con normalidad
OK   [H04] tras recuperar, los cambios nuevos se persisten
OK   [H04] con la escritura fallando, «Empezar de nuevo» no borra el original
OK   [H04] con la escritura fallando, el aviso sigue y explica que no se cambió nada (Hay datos almacenados que Nihon no puede leer El itinerario, almacenado en este navegador, es de una versión más reciente de Nihon y esta no sabe leerlo. Los hemos dejado exactamente como estaban: no )
OK   [H04] restablecida la escritura, la recuperación se completa y conserva copia
OK   [X1] importar en A con B abierta: la mutación posterior de B conserva el respaldo (JP-021,JP-203)
OK   [X1] importar en A con B abierta: el itinerario restaurado sigue intacto
OK   [X2] conflicto tras recuperar: ambos intereses sobreviven (JP-021,JP-044)
OK   [X2] la pestaña B también sale de la protección tras la recuperación
OK   [X3] recarga con almacenamiento protegido: el aviso persiste y el original está intacto
OK   [H03] OrderedSequenceBuilder @390 [proxy-reset]: el servidor realmente falló al servir el módulo (peticiones rechazadas=3)
OK   [H03] OrderedSequenceBuilder @390 [proxy-reset]: el fallo no deja la aplicación en blanco
OK   [H03] OrderedSequenceBuilder @390 [proxy-reset]: aparece un mensaje de recuperación visible
OK   [H03] OrderedSequenceBuilder @390 [proxy-reset]: la navegación sigue utilizable
OK   [H03] OrderedSequenceBuilder @390 [proxy-reset]: los datos guardados no cambian
OK   [H03] OrderedSequenceBuilder @390 [proxy-reset]: al volver el servidor, la salida ofrecida («Recargar») recupera la sección en la MISMA sesión (sirvió 94 peticiones tras el fallo)
OK   [H03] OrderedSequenceBuilder @390 [proxy-reset]: el interés guardado sobrevive a la recarga
OK   [H03] OrderedSequenceBuilder @1440 [proxy-reset]: el servidor realmente falló al servir el módulo (peticiones rechazadas=3)
OK   [H03] OrderedSequenceBuilder @1440 [proxy-reset]: el fallo no deja la aplicación en blanco
OK   [H03] OrderedSequenceBuilder @1440 [proxy-reset]: aparece un mensaje de recuperación visible
OK   [H03] OrderedSequenceBuilder @1440 [proxy-reset]: la navegación sigue utilizable
OK   [H03] OrderedSequenceBuilder @1440 [proxy-reset]: los datos guardados no cambian
OK   [H03] OrderedSequenceBuilder @1440 [proxy-reset]: al volver el servidor, la salida ofrecida («Recargar») recupera la sección en la MISMA sesión (sirvió 114 peticiones tras el fallo)
OK   [H03] OrderedSequenceBuilder @1440 [proxy-reset]: el interés guardado sobrevive a la recarga
OK   [H03] ZoneComparison @390 [proxy-reset]: el servidor realmente falló al servir el módulo (peticiones rechazadas=3)
OK   [H03] ZoneComparison @390 [proxy-reset]: el fallo no deja la aplicación en blanco
OK   [H03] ZoneComparison @390 [proxy-reset]: aparece un mensaje de recuperación visible
OK   [H03] ZoneComparison @390 [proxy-reset]: la navegación sigue utilizable
OK   [H03] ZoneComparison @390 [proxy-reset]: los datos guardados no cambian
OK   [H03] ZoneComparison @390 [proxy-reset]: al volver el servidor, la salida ofrecida («Recargar») recupera la sección en la MISMA sesión (sirvió 97 peticiones tras el fallo)
OK   [H03] ZoneComparison @390 [proxy-reset]: el interés guardado sobrevive a la recarga
OK   [H03] ZoneComparison @1440 [proxy-reset]: el servidor realmente falló al servir el módulo (peticiones rechazadas=3)
OK   [H03] ZoneComparison @1440 [proxy-reset]: el fallo no deja la aplicación en blanco
OK   [H03] ZoneComparison @1440 [proxy-reset]: aparece un mensaje de recuperación visible
OK   [H03] ZoneComparison @1440 [proxy-reset]: la navegación sigue utilizable
OK   [H03] ZoneComparison @1440 [proxy-reset]: los datos guardados no cambian
OK   [H03] ZoneComparison @1440 [proxy-reset]: al volver el servidor, la salida ofrecida («Recargar») recupera la sección en la MISMA sesión (sirvió 117 peticiones tras el fallo)
OK   [H03] ZoneComparison @1440 [proxy-reset]: el interés guardado sobrevive a la recarga
OK   [H03] OrderedSequenceBuilder @390 [proxy-503]: el servidor realmente falló al servir el módulo (peticiones rechazadas=1)
OK   [H03] OrderedSequenceBuilder @390 [proxy-503]: el fallo no deja la aplicación en blanco
OK   [H03] OrderedSequenceBuilder @390 [proxy-503]: aparece un mensaje de recuperación visible
OK   [H03] OrderedSequenceBuilder @390 [proxy-503]: la navegación sigue utilizable
OK   [H03] OrderedSequenceBuilder @390 [proxy-503]: los datos guardados no cambian
OK   [H03] OrderedSequenceBuilder @390 [proxy-503]: al volver el servidor, la salida ofrecida («Recargar») recupera la sección en la MISMA sesión (sirvió 94 peticiones tras el fallo)
OK   [H03] OrderedSequenceBuilder @390 [proxy-503]: el interés guardado sobrevive a la recarga
OK   [H03] OrderedSequenceBuilder @390 [inspector]: el fallo no deja la aplicación en blanco
OK   [H03] OrderedSequenceBuilder @390 [inspector]: aparece un mensaje de recuperación visible
OK   [H03] OrderedSequenceBuilder @390 [inspector]: la navegación sigue utilizable
OK   [H03] OrderedSequenceBuilder @390 [inspector]: los datos guardados no cambian
OK   [H03] OrderedSequenceBuilder @390 [inspector]: al volver el servidor, la salida ofrecida («Recargar») recupera la sección en la MISMA sesión
OK   [H03] OrderedSequenceBuilder @390 [inspector]: el interés guardado sobrevive a la recarga
OK   [H03] OrderedSequenceBuilder @1440 [inspector]: el fallo no deja la aplicación en blanco
OK   [H03] OrderedSequenceBuilder @1440 [inspector]: aparece un mensaje de recuperación visible
OK   [H03] OrderedSequenceBuilder @1440 [inspector]: la navegación sigue utilizable
OK   [H03] OrderedSequenceBuilder @1440 [inspector]: los datos guardados no cambian
OK   [H03] OrderedSequenceBuilder @1440 [inspector]: al volver el servidor, la salida ofrecida («Recargar») recupera la sección en la MISMA sesión
OK   [H03] OrderedSequenceBuilder @1440 [inspector]: el interés guardado sobrevive a la recarga
OK   [H03] ZoneComparison @390 [inspector]: el fallo no deja la aplicación en blanco
OK   [H03] ZoneComparison @390 [inspector]: aparece un mensaje de recuperación visible
OK   [H03] ZoneComparison @390 [inspector]: la navegación sigue utilizable
OK   [H03] ZoneComparison @390 [inspector]: los datos guardados no cambian
OK   [H03] ZoneComparison @390 [inspector]: al volver el servidor, la salida ofrecida («Recargar») recupera la sección en la MISMA sesión
OK   [H03] ZoneComparison @390 [inspector]: el interés guardado sobrevive a la recarga
OK   [H03] ZoneComparison @1440 [inspector]: el fallo no deja la aplicación en blanco
OK   [H03] ZoneComparison @1440 [inspector]: aparece un mensaje de recuperación visible
OK   [H03] ZoneComparison @1440 [inspector]: la navegación sigue utilizable
OK   [H03] ZoneComparison @1440 [inspector]: los datos guardados no cambian
OK   [H03] ZoneComparison @1440 [inspector]: al volver el servidor, la salida ofrecida («Recargar») recupera la sección en la MISMA sesión
OK   [H03] ZoneComparison @1440 [inspector]: el interés guardado sobrevive a la recarga

93/93 comprobaciones OK (chromium)
