OK   [S01] estática: léxico prohibido en cadenas de componentes y presentación (sin excepciones: las vistas no alcanzables se retiraron, D5-M1)
OK   [S02] estática: «Guardar … en Quiero ir», «→» final y exclamaciones fuera de la copy de componentes
OK   [S03] B10-C1 (voz aceptada): las cadenas «guardar/guardado» siguen siendo exactamente las seis conocidas
# navegador: chromium 151.0.7922.34
OK   [W-390-explorar] 390px · explorar: sin léxico prohibido, «Guardar… en Quiero ir», flechas, exclamaciones ni emoji (2086 cadenas)
OK   [W-390-busqueda] 390px · busqueda: sin léxico prohibido, «Guardar… en Quiero ir», flechas, exclamaciones ni emoji (2090 cadenas)
OK   [W-390-nacional] 390px · nacional: sin léxico prohibido, «Guardar… en Quiero ir», flechas, exclamaciones ni emoji (194 cadenas)
OK   [W-390-nacional-region] 390px · nacional-region: sin léxico prohibido, «Guardar… en Quiero ir», flechas, exclamaciones ni emoji (122 cadenas)
OK   [W-390-nacional-panel] 390px · nacional-panel: sin léxico prohibido, «Guardar… en Quiero ir», flechas, exclamaciones ni emoji (122 cadenas)
OK   [W-390-ciudad] 390px · ciudad: sin léxico prohibido, «Guardar… en Quiero ir», flechas, exclamaciones ni emoji (181 cadenas)
OK   [W-390-filtros] 390px · filtros: sin léxico prohibido, «Guardar… en Quiero ir», flechas, exclamaciones ni emoji (267 cadenas)
OK   [W-390-mapa] 390px · mapa: sin léxico prohibido, «Guardar… en Quiero ir», flechas, exclamaciones ni emoji (70 cadenas)
OK   [W-390-ficha] 390px · ficha: sin léxico prohibido, «Guardar… en Quiero ir», flechas, exclamaciones ni emoji (319 cadenas)
OK   [W-390-ficha-creditos] 390px · ficha-creditos: sin léxico prohibido, «Guardar… en Quiero ir», flechas, exclamaciones ni emoji (351 cadenas)
OK   [W-390-ficha-lightbox] 390px · ficha-lightbox: sin léxico prohibido, «Guardar… en Quiero ir», flechas, exclamaciones ni emoji (323 cadenas)
OK   [W-390-quiero-ir] 390px · quiero-ir: sin léxico prohibido, «Guardar… en Quiero ir», flechas, exclamaciones ni emoji (105 cadenas)
OK   [W-390-quiero-ir-persona] 390px · quiero-ir-persona: sin léxico prohibido, «Guardar… en Quiero ir», flechas, exclamaciones ni emoji (403 cadenas)
OK   [W-390-nosotros] 390px · nosotros: sin léxico prohibido, «Guardar… en Quiero ir», flechas, exclamaciones ni emoji (403 cadenas)
OK   [W-390-viaje-dias] 390px · viaje-dias: sin léxico prohibido, «Guardar… en Quiero ir», flechas, exclamaciones ni emoji (134 cadenas)
OK   [W-390-viaje-dias-mover] 390px · viaje-dias-mover: sin léxico prohibido, «Guardar… en Quiero ir», flechas, exclamaciones ni emoji (145 cadenas)
OK   [W-390-viaje-dias-otro-orden] 390px · viaje-dias-otro-orden: sin léxico prohibido, «Guardar… en Quiero ir», flechas, exclamaciones ni emoji (190 cadenas)
OK   [W-390-viaje-dormir] 390px · viaje-dormir: sin léxico prohibido, «Guardar… en Quiero ir», flechas, exclamaciones ni emoji (440 cadenas)
OK   [W-390-viaje-reservas] 390px · viaje-reservas: sin léxico prohibido, «Guardar… en Quiero ir», flechas, exclamaciones ni emoji (326 cadenas)
OK   [W-390-viaje-resumen] 390px · viaje-resumen: sin léxico prohibido, «Guardar… en Quiero ir», flechas, exclamaciones ni emoji (127 cadenas)
OK   [W-390-onboarding] 390px · onboarding: sin léxico prohibido, «Guardar… en Quiero ir», flechas, exclamaciones ni emoji (2096 cadenas)
OK   [W-390-vacio-quiero-ir] 390px · vacio-quiero-ir: sin léxico prohibido, «Guardar… en Quiero ir», flechas, exclamaciones ni emoji (15 cadenas)
OK   [W-390-vacio-viaje] 390px · vacio-viaje: sin léxico prohibido, «Guardar… en Quiero ir», flechas, exclamaciones ni emoji (38 cadenas)
OK   [W-390-vacio-nosotros] 390px · vacio-nosotros: sin léxico prohibido, «Guardar… en Quiero ir», flechas, exclamaciones ni emoji (402 cadenas)
OK   [W-1200-explorar] 1200px · explorar: sin léxico prohibido, «Guardar… en Quiero ir», flechas, exclamaciones ni emoji (2086 cadenas)
OK   [W-1200-busqueda] 1200px · busqueda: sin léxico prohibido, «Guardar… en Quiero ir», flechas, exclamaciones ni emoji (2090 cadenas)
OK   [W-1200-nacional] 1200px · nacional: sin léxico prohibido, «Guardar… en Quiero ir», flechas, exclamaciones ni emoji (194 cadenas)
OK   [W-1200-nacional-region] 1200px · nacional-region: sin léxico prohibido, «Guardar… en Quiero ir», flechas, exclamaciones ni emoji (122 cadenas)
OK   [W-1200-nacional-panel] 1200px · nacional-panel: sin léxico prohibido, «Guardar… en Quiero ir», flechas, exclamaciones ni emoji (122 cadenas)
OK   [W-1200-ciudad] 1200px · ciudad: sin léxico prohibido, «Guardar… en Quiero ir», flechas, exclamaciones ni emoji (195 cadenas)
OK   [W-1200-filtros] 1200px · filtros: sin léxico prohibido, «Guardar… en Quiero ir», flechas, exclamaciones ni emoji (320 cadenas)
OK   [W-1200-mapa] 1200px · mapa: sin léxico prohibido, «Guardar… en Quiero ir», flechas, exclamaciones ni emoji (234 cadenas)
OK   [W-1200-ficha] 1200px · ficha: sin léxico prohibido, «Guardar… en Quiero ir», flechas, exclamaciones ni emoji (377 cadenas)
OK   [W-1200-ficha-creditos] 1200px · ficha-creditos: sin léxico prohibido, «Guardar… en Quiero ir», flechas, exclamaciones ni emoji (409 cadenas)
OK   [W-1200-ficha-lightbox] 1200px · ficha-lightbox: sin léxico prohibido, «Guardar… en Quiero ir», flechas, exclamaciones ni emoji (381 cadenas)
OK   [W-1200-quiero-ir] 1200px · quiero-ir: sin léxico prohibido, «Guardar… en Quiero ir», flechas, exclamaciones ni emoji (105 cadenas)
OK   [W-1200-quiero-ir-persona] 1200px · quiero-ir-persona: sin léxico prohibido, «Guardar… en Quiero ir», flechas, exclamaciones ni emoji (403 cadenas)
OK   [W-1200-nosotros] 1200px · nosotros: sin léxico prohibido, «Guardar… en Quiero ir», flechas, exclamaciones ni emoji (403 cadenas)
OK   [W-1200-viaje-dias] 1200px · viaje-dias: sin léxico prohibido, «Guardar… en Quiero ir», flechas, exclamaciones ni emoji (134 cadenas)
OK   [W-1200-viaje-dias-mover] 1200px · viaje-dias-mover: sin léxico prohibido, «Guardar… en Quiero ir», flechas, exclamaciones ni emoji (145 cadenas)
OK   [W-1200-viaje-dias-otro-orden] 1200px · viaje-dias-otro-orden: sin léxico prohibido, «Guardar… en Quiero ir», flechas, exclamaciones ni emoji (190 cadenas)
OK   [W-1200-viaje-dormir] 1200px · viaje-dormir: sin léxico prohibido, «Guardar… en Quiero ir», flechas, exclamaciones ni emoji (440 cadenas)
OK   [W-1200-viaje-reservas] 1200px · viaje-reservas: sin léxico prohibido, «Guardar… en Quiero ir», flechas, exclamaciones ni emoji (326 cadenas)
OK   [W-1200-viaje-resumen] 1200px · viaje-resumen: sin léxico prohibido, «Guardar… en Quiero ir», flechas, exclamaciones ni emoji (127 cadenas)
OK   [W-1200-onboarding] 1200px · onboarding: sin léxico prohibido, «Guardar… en Quiero ir», flechas, exclamaciones ni emoji (2096 cadenas)
OK   [W-1200-vacio-quiero-ir] 1200px · vacio-quiero-ir: sin léxico prohibido, «Guardar… en Quiero ir», flechas, exclamaciones ni emoji (15 cadenas)
OK   [W-1200-vacio-viaje] 1200px · vacio-viaje: sin léxico prohibido, «Guardar… en Quiero ir», flechas, exclamaciones ni emoji (38 cadenas)
OK   [W-1200-vacio-nosotros] 1200px · vacio-nosotros: sin léxico prohibido, «Guardar… en Quiero ir», flechas, exclamaciones ni emoji (402 cadenas)
# cadenas distintas leídas: 1556 · E1 observada 6 veces · pasos omitidos: ninguno
OK   [W-cobertura] la recorrida alcanzó las superficies esperadas (≥ 40 estados, E1 observada, sin pasos omitidos críticos)

52 OK · 0 FAIL
