OK   [H05] @320: Reservas tiene texto que medir (203 nodos, 36 de procedencia/fecha)
OK   [H05] @320: todo el texto de Reservas alcanza su contraste mínimo (mín 4.61)
OK   [H05] @320: el Resumen (mismos tokens) tampoco baja de su mínimo ()
OK   [H05] @390: Reservas tiene texto que medir (203 nodos, 36 de procedencia/fecha)
OK   [H05] @390: todo el texto de Reservas alcanza su contraste mínimo (mín 4.61)
OK   [H05] @390: el Resumen (mismos tokens) tampoco baja de su mínimo ()
OK   [H05] @430: Reservas tiene texto que medir (203 nodos, 36 de procedencia/fecha)
OK   [H05] @430: todo el texto de Reservas alcanza su contraste mínimo (mín 4.61)
OK   [H05] @430: el Resumen (mismos tokens) tampoco baja de su mínimo ()
OK   [H05] @768: Reservas tiene texto que medir (203 nodos, 36 de procedencia/fecha)
OK   [H05] @768: todo el texto de Reservas alcanza su contraste mínimo (mín 4.61)
OK   [H05] @768: el Resumen (mismos tokens) tampoco baja de su mínimo ()
OK   [H05] @1440: Reservas tiene texto que medir (203 nodos, 36 de procedencia/fecha)
OK   [H05] @1440: todo el texto de Reservas alcanza su contraste mínimo (mín 4.61)
OK   [H05] @1440: el Resumen (mismos tokens) tampoco baja de su mínimo ()
OK   [H06] hay marcadores de sólo glifo que comprobar (17)
OK   [H06] ningún elemento genérico lleva aria-label sin rol (patrón de aria-prohibited-attr) ()
OK   [H06] cada marcador de sólo glifo es role=img con un nombre no vacío
OK   [H06] el nombre conserva la procedencia (nivel · detalle)
OK   [H06] el glifo es el único contenido (sin aria-hidden anidado ni texto anunciable aparte)
OK   [H06] la variante con texto visible no añade rol ni aria-label (sin anuncio doble) (22 marcadores con texto)
OK   [H06] el nombre procede de UN solo atributo (title y aria-label a la vez duplican la descripción)
OK   [H06] árbol AX (Chromium): rol img con nombre de procedencia (image «Registrado»)
OK   [H06] árbol AX (Chromium): el nombre no se repite como descripción (descripción «»)
OK   [H07] @320: hay campos de formulario en Herramientas que medir (6)
OK   [H07] @320: selectores y entradas miden ≥44px de alto (mín 44.0px)
OK   [H07] @320: ningún control se solapa con otro ()
OK   [H07] @320: ningún control queda recortado ni hay overflow horizontal de la página ()
OK   [H07] @320: los campos aceptan foco con anillo visible y quedan dentro de la vista (6/6)
OK   [H07] @390: hay campos de formulario en Herramientas que medir (6)
OK   [H07] @390: selectores y entradas miden ≥44px de alto (mín 44.0px)
OK   [H07] @390: ningún control se solapa con otro ()
OK   [H07] @390: ningún control queda recortado ni hay overflow horizontal de la página ()
OK   [H07] @390: los campos aceptan foco con anillo visible y quedan dentro de la vista (6/6)
OK   [H07] @430: hay campos de formulario en Herramientas que medir (6)
OK   [H07] @430: selectores y entradas miden ≥44px de alto (mín 44.0px)
OK   [H07] @430: ningún control se solapa con otro ()
OK   [H07] @430: ningún control queda recortado ni hay overflow horizontal de la página ()
OK   [H07] @430: los campos aceptan foco con anillo visible y quedan dentro de la vista (6/6)
OK   [H07] @768: hay campos de formulario en Herramientas que medir (6)
OK   [H07] @768: selectores y entradas miden ≥44px de alto (mín 44.0px)
OK   [H07] @768: ningún control se solapa con otro ()
OK   [H07] @768: ningún control queda recortado ni hay overflow horizontal de la página ()
OK   [H07] @768: los campos aceptan foco con anillo visible y quedan dentro de la vista (6/6)
OK   [H07] @1440: hay campos de formulario en Herramientas que medir (6)
OK   [H07] @1440: selectores y entradas miden ≥44px de alto (mín 44.0px)
OK   [H07] @1440: ningún control se solapa con otro ()
OK   [H07] @1440: ningún control queda recortado ni hay overflow horizontal de la página ()
OK   [H07] @1440: los campos aceptan foco con anillo visible y quedan dentro de la vista (6/6)

49/49 comprobaciones OK (chromium)
