OK   [A01] las reglas de input/select de Viaje usan --type-body-size (sin font-size literal)
OK   [A02] ninguna regla CSS dirigida a input/select/textarea baja de 16 px
OK   [C01] meta viewport sin cambios (viewport-fit=cover NO aplicado: DDR D0b-02)
OK   [C02] el CSS conserva los siete usos auditados de env(safe-area-inset-bottom)
OK   [D01] literales migrados ausentes; sin hex nuevos (#fff ya no existe, rgba blancos/ink exactos → tokens)
OK   [E01] media queries: sin max-width nuevo (Art. 8); sólo las 5 consultas legacy conocidas
# navegador: webkit 26.5 · reduced-motion=false
OK   [B-320-Días-lista] 320px · Días · lista: sin scroll horizontal
OK   [A-320-Días-lista] 320px · Días · lista: input/select/textarea ≥ 16 px computados
OK   [B-320-Días-fechas] 320px · Días · fechas: sin scroll horizontal
OK   [A-320-Días-fechas] 320px · Días · fechas: input/select/textarea ≥ 16 px computados
OK   [B-320-Días-parada] 320px · Días · parada: sin scroll horizontal
OK   [A-320-Días-parada] 320px · Días · parada: input/select/textarea ≥ 16 px computados
OK   [B-320-Días-añadir-lugar] 320px · Días · añadir-lugar: sin scroll horizontal
OK   [A-320-Días-añadir-lugar] 320px · Días · añadir-lugar: input/select/textarea ≥ 16 px computados
OK   [B-320-Días-detalles] 320px · Días · detalles: sin scroll horizontal
OK   [A-320-Días-detalles] 320px · Días · detalles: input/select/textarea ≥ 16 px computados
OK   [B-320-Días-herramientas] 320px · Días · herramientas: sin scroll horizontal
OK   [A-320-Días-herramientas] 320px · Días · herramientas: input/select/textarea ≥ 16 px computados
OK   [B-320-Días-orden] 320px · Días · orden: sin scroll horizontal
OK   [A-320-Días-orden] 320px · Días · orden: input/select/textarea ≥ 16 px computados
# HEREDADO [320/Dónde dormir] overflow del panel {"page":false,"panel":false,"surface":false,"overlay":false,"culprits":[],"overlayScrollable":false,"sizes":null,"inner":[]} (igual en la base)
OK   [B-320-Dónde dormir] 320px · Dónde dormir: sin scroll horizontal
OK   [A-320-Dónde dormir] 320px · Dónde dormir: input/select/textarea ≥ 16 px computados
OK   [B-320-Reservas] 320px · Reservas: sin scroll horizontal
OK   [A-320-Reservas] 320px · Reservas: input/select/textarea ≥ 16 px computados
OK   [B-320-Resumen] 320px · Resumen: sin scroll horizontal
OK   [A-320-Resumen] 320px · Resumen: input/select/textarea ≥ 16 px computados
OK   [B-360-Días-lista] 360px · Días · lista: sin scroll horizontal
OK   [A-360-Días-lista] 360px · Días · lista: input/select/textarea ≥ 16 px computados
OK   [B-360-Días-fechas] 360px · Días · fechas: sin scroll horizontal
OK   [A-360-Días-fechas] 360px · Días · fechas: input/select/textarea ≥ 16 px computados
OK   [B-360-Días-parada] 360px · Días · parada: sin scroll horizontal
OK   [A-360-Días-parada] 360px · Días · parada: input/select/textarea ≥ 16 px computados
OK   [B-360-Días-añadir-lugar] 360px · Días · añadir-lugar: sin scroll horizontal
OK   [A-360-Días-añadir-lugar] 360px · Días · añadir-lugar: input/select/textarea ≥ 16 px computados
OK   [B-360-Días-detalles] 360px · Días · detalles: sin scroll horizontal
OK   [A-360-Días-detalles] 360px · Días · detalles: input/select/textarea ≥ 16 px computados
OK   [B-360-Días-herramientas] 360px · Días · herramientas: sin scroll horizontal
OK   [A-360-Días-herramientas] 360px · Días · herramientas: input/select/textarea ≥ 16 px computados
OK   [B-360-Días-orden] 360px · Días · orden: sin scroll horizontal
OK   [A-360-Días-orden] 360px · Días · orden: input/select/textarea ≥ 16 px computados
OK   [B-360-Dónde dormir] 360px · Dónde dormir: sin scroll horizontal
OK   [A-360-Dónde dormir] 360px · Dónde dormir: input/select/textarea ≥ 16 px computados
OK   [B-360-Reservas] 360px · Reservas: sin scroll horizontal
OK   [A-360-Reservas] 360px · Reservas: input/select/textarea ≥ 16 px computados
OK   [B-360-Resumen] 360px · Resumen: sin scroll horizontal
OK   [A-360-Resumen] 360px · Resumen: input/select/textarea ≥ 16 px computados
OK   [B-390-Días-lista] 390px · Días · lista: sin scroll horizontal
OK   [A-390-Días-lista] 390px · Días · lista: input/select/textarea ≥ 16 px computados
OK   [B-390-Días-fechas] 390px · Días · fechas: sin scroll horizontal
OK   [A-390-Días-fechas] 390px · Días · fechas: input/select/textarea ≥ 16 px computados
OK   [B-390-Días-parada] 390px · Días · parada: sin scroll horizontal
OK   [A-390-Días-parada] 390px · Días · parada: input/select/textarea ≥ 16 px computados
OK   [B-390-Días-añadir-lugar] 390px · Días · añadir-lugar: sin scroll horizontal
OK   [A-390-Días-añadir-lugar] 390px · Días · añadir-lugar: input/select/textarea ≥ 16 px computados
OK   [B-390-Días-detalles] 390px · Días · detalles: sin scroll horizontal
OK   [A-390-Días-detalles] 390px · Días · detalles: input/select/textarea ≥ 16 px computados
OK   [B-390-Días-herramientas] 390px · Días · herramientas: sin scroll horizontal
OK   [A-390-Días-herramientas] 390px · Días · herramientas: input/select/textarea ≥ 16 px computados
OK   [B-390-Días-orden] 390px · Días · orden: sin scroll horizontal
OK   [A-390-Días-orden] 390px · Días · orden: input/select/textarea ≥ 16 px computados
OK   [B-390-Dónde dormir] 390px · Dónde dormir: sin scroll horizontal
OK   [A-390-Dónde dormir] 390px · Dónde dormir: input/select/textarea ≥ 16 px computados
OK   [B-390-Reservas] 390px · Reservas: sin scroll horizontal
OK   [A-390-Reservas] 390px · Reservas: input/select/textarea ≥ 16 px computados
OK   [B-390-Resumen] 390px · Resumen: sin scroll horizontal
OK   [A-390-Resumen] 390px · Resumen: input/select/textarea ≥ 16 px computados
OK   [B-430-Días-lista] 430px · Días · lista: sin scroll horizontal
OK   [A-430-Días-lista] 430px · Días · lista: input/select/textarea ≥ 16 px computados
OK   [B-430-Días-fechas] 430px · Días · fechas: sin scroll horizontal
OK   [A-430-Días-fechas] 430px · Días · fechas: input/select/textarea ≥ 16 px computados
OK   [B-430-Días-parada] 430px · Días · parada: sin scroll horizontal
OK   [A-430-Días-parada] 430px · Días · parada: input/select/textarea ≥ 16 px computados
OK   [B-430-Días-añadir-lugar] 430px · Días · añadir-lugar: sin scroll horizontal
OK   [A-430-Días-añadir-lugar] 430px · Días · añadir-lugar: input/select/textarea ≥ 16 px computados
OK   [B-430-Días-detalles] 430px · Días · detalles: sin scroll horizontal
OK   [A-430-Días-detalles] 430px · Días · detalles: input/select/textarea ≥ 16 px computados
OK   [B-430-Días-herramientas] 430px · Días · herramientas: sin scroll horizontal
OK   [A-430-Días-herramientas] 430px · Días · herramientas: input/select/textarea ≥ 16 px computados
OK   [B-430-Días-orden] 430px · Días · orden: sin scroll horizontal
OK   [A-430-Días-orden] 430px · Días · orden: input/select/textarea ≥ 16 px computados
OK   [B-430-Dónde dormir] 430px · Dónde dormir: sin scroll horizontal
OK   [A-430-Dónde dormir] 430px · Dónde dormir: input/select/textarea ≥ 16 px computados
OK   [B-430-Reservas] 430px · Reservas: sin scroll horizontal
OK   [A-430-Reservas] 430px · Reservas: input/select/textarea ≥ 16 px computados
OK   [B-430-Resumen] 430px · Resumen: sin scroll horizontal
OK   [A-430-Resumen] 430px · Resumen: input/select/textarea ≥ 16 px computados
OK   [B-768-Días-lista] 768px · Días · lista: sin scroll horizontal
OK   [B-768-Días-fechas] 768px · Días · fechas: sin scroll horizontal
OK   [B-768-Días-parada] 768px · Días · parada: sin scroll horizontal
OK   [B-768-Días-añadir-lugar] 768px · Días · añadir-lugar: sin scroll horizontal
OK   [B-768-Días-detalles] 768px · Días · detalles: sin scroll horizontal
OK   [B-768-Días-herramientas] 768px · Días · herramientas: sin scroll horizontal
OK   [B-768-Días-orden] 768px · Días · orden: sin scroll horizontal
OK   [B-768-Dónde dormir] 768px · Dónde dormir: sin scroll horizontal
OK   [B-768-Reservas] 768px · Reservas: sin scroll horizontal
OK   [B-768-Resumen] 768px · Resumen: sin scroll horizontal
OK   [B-840-Días-lista] 840px · Días · lista: sin scroll horizontal
OK   [B-840-Días-fechas] 840px · Días · fechas: sin scroll horizontal
OK   [B-840-Días-parada] 840px · Días · parada: sin scroll horizontal
OK   [B-840-Días-añadir-lugar] 840px · Días · añadir-lugar: sin scroll horizontal
OK   [B-840-Días-detalles] 840px · Días · detalles: sin scroll horizontal
OK   [B-840-Días-herramientas] 840px · Días · herramientas: sin scroll horizontal
OK   [B-840-Días-orden] 840px · Días · orden: sin scroll horizontal
OK   [B-840-Dónde dormir] 840px · Dónde dormir: sin scroll horizontal
OK   [B-840-Reservas] 840px · Reservas: sin scroll horizontal
OK   [B-840-Resumen] 840px · Resumen: sin scroll horizontal
OK   [B-1200-Días-lista] 1200px · Días · lista: sin scroll horizontal
OK   [B-1200-Días-fechas] 1200px · Días · fechas: sin scroll horizontal
OK   [B-1200-Días-parada] 1200px · Días · parada: sin scroll horizontal
OK   [B-1200-Días-añadir-lugar] 1200px · Días · añadir-lugar: sin scroll horizontal
OK   [B-1200-Días-detalles] 1200px · Días · detalles: sin scroll horizontal
OK   [B-1200-Días-herramientas] 1200px · Días · herramientas: sin scroll horizontal
OK   [B-1200-Días-orden] 1200px · Días · orden: sin scroll horizontal
OK   [B-1200-Dónde dormir] 1200px · Dónde dormir: sin scroll horizontal
OK   [B-1200-Reservas] 1200px · Reservas: sin scroll horizontal
OK   [B-1200-Resumen] 1200px · Resumen: sin scroll horizontal
OK   [B-1440-Días-lista] 1440px · Días · lista: sin scroll horizontal
OK   [B-1440-Días-fechas] 1440px · Días · fechas: sin scroll horizontal
OK   [B-1440-Días-parada] 1440px · Días · parada: sin scroll horizontal
OK   [B-1440-Días-añadir-lugar] 1440px · Días · añadir-lugar: sin scroll horizontal
OK   [B-1440-Días-detalles] 1440px · Días · detalles: sin scroll horizontal
OK   [B-1440-Días-herramientas] 1440px · Días · herramientas: sin scroll horizontal
OK   [B-1440-Días-orden] 1440px · Días · orden: sin scroll horizontal
OK   [B-1440-Dónde dormir] 1440px · Dónde dormir: sin scroll horizontal
OK   [B-1440-Reservas] 1440px · Reservas: sin scroll horizontal
OK   [B-1440-Resumen] 1440px · Resumen: sin scroll horizontal
# controles medidos por pestaña (máx.): {"Días":6,"Dónde dormir":0,"Reservas":0,"Resumen":0}
OK   [A09] la medición cubrió controles reales (≥ 1 en Viaje)
OK   [F01] consola sin errores propios

128 OK · 0 FAIL
