
── phone 390×844 (touch) ──
  ✓ fechas: inicio y fin persistidos
  ✓ fechas: los días muestran su fecha derivada
  ✓ fechas: «Quitar fecha» borra sólo el inicio
  ✓ fechas: sin desbordamiento horizontal
  ✓ añadir día: aparece un Día 3 vacío
  ✓ sin asignar: visible con sus lugares
  ✓ añadir lugar: la hoja ofrece los lugares sin asignar
  ✓ añadir lugar: entra en el Día 3 y sale de Sin asignar
  ✓ mover a Sin asignar: vuelve a la sección
  ✓ Sin asignar → Día 1: la parada queda al final
  ✓ mover entre días: Día 1 → Día 3 queda al final del destino
  ✓ acciones del día: el primer día no ofrece «Mover antes»
  ✓ reordenar días: el Día 1 pasa a ser el 2 conservando su identidad
  ✓ reordenar días: las fechas siguen a la posición
  ✓ reordenar días: «Mover antes» lo devuelve
  ✓ cambiar orden: vista enfocada con «Vosotros decidís el orden…» y sin «Posición N»
  ✓ cambiar orden: Bajar reordena la propuesta, no el borrador
  ✓ cambiar orden: «Usar este orden» persiste el nuevo orden
  ✓ touch: no hay asas visibles y aun así el orden fino fue posible (Subir/Bajar)
  ✓ reordenar: sin desbordamiento horizontal
  ✓ herramientas: el alojamiento se añade
  ✓ herramientas: sin desbordamiento horizontal
  ✓ alojamiento sin elegir: «Elegir zona para dormir»
  ✓ alojamiento: «No aplica» se conserva y se muestra «Sin alojamiento esa noche» (no pendiente)
  ✓ alojamiento concreto: «Dormís en Hotel Sakura»
  ✓ detalles: traslados, totales y alojamiento por tramo visibles
  ✓ la línea de alojamiento abre Dónde dormir
  ✓ reservas: la sección responde con el plan actual
  ✓ resumen: los días del plan coinciden (3 días)
  ✓ volver a Días: sin superficie abierta y plan intacto
  ✓ herramientas: el traslado entre ciudades se registra
  ✓ recarga: el plan completo se conserva y se empieza en la lista
  ✓ final: sin desbordamiento horizontal
  ✓ sin errores de consola ni de página

── desktop 1440×1500 (ratón) ──
  ✓ fechas: inicio y fin persistidos
  ✓ fechas: los días muestran su fecha derivada
  ✓ fechas: «Quitar fecha» borra sólo el inicio
  ✓ fechas: sin desbordamiento horizontal
  ✓ añadir día: aparece un Día 3 vacío
  ✓ sin asignar: visible con sus lugares
  ✓ añadir lugar: la hoja ofrece los lugares sin asignar
  ✓ añadir lugar: entra en el Día 3 y sale de Sin asignar
  ✓ mover a Sin asignar: vuelve a la sección
  ✓ Sin asignar → Día 1: la parada queda al final
  ✓ mover entre días: Día 1 → Día 3 queda al final del destino
  ✓ acciones del día: el primer día no ofrece «Mover antes»
  ✓ reordenar días: el Día 1 pasa a ser el 2 conservando su identidad
  ✓ reordenar días: las fechas siguen a la posición
  ✓ reordenar días: «Mover antes» lo devuelve
  ✓ cambiar orden: vista enfocada con «Vosotros decidís el orden…» y sin «Posición N»
  ✓ cambiar orden: Bajar reordena la propuesta, no el borrador
  ✓ cambiar orden: «Usar este orden» persiste el nuevo orden
  ✓ ratón: arrastrar reordena dentro del día
  ✓ reordenar: sin desbordamiento horizontal
  ✓ herramientas: el alojamiento se añade
  ✓ herramientas: sin desbordamiento horizontal
  ✓ alojamiento sin elegir: «Elegir zona para dormir»
  ✓ alojamiento: «No aplica» se conserva y se muestra «Sin alojamiento esa noche» (no pendiente)
  ✓ alojamiento concreto: «Dormís en Hotel Sakura»
  ✓ detalles: traslados, totales y alojamiento por tramo visibles
  ✓ la línea de alojamiento abre Dónde dormir
  ✓ reservas: la sección responde con el plan actual
  ✓ resumen: los días del plan coinciden (3 días)
  ✓ volver a Días: sin superficie abierta y plan intacto
  ✓ herramientas: el traslado entre ciudades se registra
  ✓ recarga: el plan completo se conserva y se empieza en la lista
  ✓ final: sin desbordamiento horizontal
  ✓ sin errores de consola ni de página

════════════════════════════════════════════════════════════
P-06 v2 recorridos: 68 passed, 0 failed

